[kittencoin/index.html]
[backblue.gif]
[fade.gif]
[index.html]
[kittencoin/assets/images/bbby.png]
[kittencoin/assets/js/libs/uikit.min.js]
[kittencoin/assets/js/uikit-components.js]
[kittencoin/assets/js/libs/jquery.min.js]
[kittencoin/assets/js/libs/swiper-bundle.min.js]
[kittencoin/assets/js/libs/feather.min.js]
[kittencoin/assets/js/libs/typed.min.js]
[kittencoin/assets/js/libs/anime.min.js]
[kittencoin/assets/js/app.js]
[kittencoin/assets/js/helpers/data-attr-helper.js]
[kittencoin/assets/js/helpers/swiper-helper.js]
[kittencoin/assets/js/helpers/typed-helper.js]
[kittencoin/assets/js/helpers/anime-helper.js]
[kittencoin/assets/js/app-head.js]
[cdnjs.cloudflare.com/ajax/libs/font-awesome/6.5.1/css/all.min.css]
[kittencoin/assets/css/theme/main.min.css]
[kittencoin/assets/images/objects/circle-01.png]
[kittencoin/assets/images/objects/circle-03.png]
[kittencoin/assets/images/objects/x.png]
[kittencoin/assets/images/objects/circle-02.png]
[kittencoin/assets/images/join-community.png]
[kittencoin/index.html]
[kittencoin/cdn.jsdelivr.net/npm/swiper@8.3.2/swiper-bundle.min.html]
[kittencoin/cdn.jsdelivr.net/npm/uikit@3.15.1/dist/css/uikit.min.html]
[cdn.jsdelivr.net/npm/uikit@3.15.1/dist/css/uikit.min.css]
[kittencoin/assets/css/theme/main.min.css]
[cdnjs.cloudflare.com/ajax/libs/font-awesome/6.5.1/css/all.min.css]
[kittencoin/landing-03.html]
[kittencoin/assets/images/blob-dashed.html]
[cdn.jsdelivr.net/npm/uikit@3.15.1/dist/css/uikit.min.css]
[kittencoin/assets/fonts/syne/Syne-Bold.html]
[kittencoin/assets/fonts/syne/Syne-Bold-2.html]
[kittencoin/assets/fonts/stolzl/Stolzl-Book.html]
[kittencoin/assets/fonts/stolzl/Stolzl-Book-2.html]
[kittencoin/assets/fonts/stolzl/Stolzl-Bold.html]
[kittencoin/assets/fonts/stolzl/Stolzl-Bold-2.html]
[kittencoin/assets/fonts/stolzl/StolzlDisplay-Regular.html]
[kittencoin/assets/fonts/stolzl/StolzlDisplay-Regular-2.html]
[kittencoin/assets/fonts/stolzl/StolzlDisplay-Bold.html]
[kittencoin/assets/fonts/stolzl/StolzlDisplay-Bold-2.html]
[kittencoin/assets/fonts/power-grotesk/PowerGrotesk-UltraBold.html]
[kittencoin/assets/fonts/power-grotesk/PowerGrotesk-UltraBold-2.html]
[kittencoin/assets/fonts/mabry-pro/MabryPro-Regular.html]
[kittencoin/assets/fonts/mabry-pro/MabryPro-Regular-2.html]
[kittencoin/assets/fonts/mabry-pro/MabryPro-Bold.html]
[kittencoin/assets/fonts/mabry-pro/MabryPro-Bold-2.html]
[kittencoin/assets/fonts/mabry-pro/MabryPro-Black.html]
[kittencoin/assets/fonts/mabry-pro/MabryPro-Black-2.html]
[kittencoin/assets/fonts/clash-display/ClashDisplayRegular.html]
[kittencoin/assets/fonts/clash-display/ClashDisplayMedium.html]
[kittencoin/assets/fonts/clash-display/ClashDisplaySemibold.html]
[kittencoin/assets/fonts/clash-display/ClashDisplayBold.html]
[kittencoin/assets/fonts/unicons/Unicons6c87.html]
[kittencoin/assets/fonts/unicons/Unicons6c87-2.html]
[kittencoin/assets/fonts/unicons/Unicons6c87-3.html]
[kittencoin/assets/fonts/unicons/Unicons6c87-4.html]
[kittencoin/assets/fonts/brand-icons/brand-icons.html]
[kittencoin/assets/fonts/brand-icons/brand-icons-2.html]
[kittencoin/assets/fonts/brand-icons/brand-icons-3.html]
[kittencoin/assets/fonts/brand-icons/brand-icons-4.html]
[kittencoin/assets/fonts/brand-icons/brand-icons-5.html]
